// Jest Snapshot v1, https://goo.gl/fbAQLP

exports[`The App Has an rendered structure that should not change 1`] = `
<View
  style={
    Object {
      "alignItems": "center",
      "flex": 1,
      "justifyContent": "center",
    }
  }
>
  <Text
    accessible={true}
    allowFontScaling={true}
    disabled={false}
    ellipsizeMode="tail"
    style={
      Object {
        "fontSize": 100,
      }
    }
  >
    3
  </Text>
</View>
`;
