// Jest Snapshot v1, https://goo.gl/fbAQLP

exports[`the Title renders consistently 1`] = `
<View>
  <Text
    accessible={true}
    allowFontScaling={true}
    disabled={false}
    ellipsizeMode="tail"
  >
    TODO List
  </Text>
</View>
`;
